// Jest Snapshot v1, https://goo.gl/fbAQLP

exports[`<HomeScreen /> renders as expected 1`] = `
.emotion-0 {
  display: -webkit-box;
  display: -webkit-flex;
  display: -ms-flexbox;
  display: flex;
  overflow: hidden;
  -webkit-flex-direction: column;
  -ms-flex-direction: column;
  flex-direction: column;
  -webkit-flex: 1;
  -ms-flex: 1;
  flex: 1;
  background-color: #000;
  -webkit-align-items: center;
  -webkit-box-align: center;
  -ms-flex-align: center;
  align-items: center;
  -webkit-box-pack: center;
  -ms-flex-pack: center;
  -webkit-justify-content: center;
  justify-content: center;
}

<div>
  <div
    class="emotion-0"
  >
    <p
      style="color: rgb(255, 255, 255);"
    >
      Ol√° pessoas!
    </p>
  </div>
</div>
`;
