// Jest Snapshot v1, https://goo.gl/fbAQLP

exports[`<HomeScreen /> renders as expected 1`] = `
.emotion-0 {
  display: -webkit-box;
  display: -webkit-flex;
  display: -ms-flexbox;
  display: flex;
  -webkit-flex-direction: column;
  -ms-flex-direction: column;
  flex-direction: column;
  -webkit-flex: 1;
  -ms-flex: 1;
  flex: 1;
  -webkit-align-items: center;
  -webkit-box-align: center;
  -ms-flex-align: center;
  align-items: center;
  -webkit-box-pack: center;
  -ms-flex-pack: center;
  -webkit-justify-content: center;
  justify-content: center;
}

.emotion-0 backgroundColor {
  xs: #FFE8D9;
  sm: #FFD0B5;
  md: #FFB088;
  lg: #FF9466;
  xl: #F9703E;
}

.emotion-1 {
  display: -webkit-box;
  display: -webkit-flex;
  display: -ms-flexbox;
  display: flex;
  -webkit-flex-direction: column;
  -ms-flex-direction: column;
  flex-direction: column;
}

.emotion-3 {
  display: -webkit-box;
  display: -webkit-flex;
  display: -ms-flexbox;
  display: flex;
  -webkit-flex-direction: column;
  -ms-flex-direction: column;
  flex-direction: column;
  margin-top: 16px;
}

<div>
  <div
    class="emotion-0"
  >
    <form
      class="emotion-1"
    >
      <label>
        Email
        <input
          style="display: flex;"
          type="text"
        />
      </label>
      <button
        style="background: transparent; display: flex; gap: 8px;"
      >
        Entrar agora!
        <div
          class="emotion-1"
        >
          arrow_left
        </div>
      </button>
      <div
        class="emotion-3"
      >
        <p>
          Ou fa√ßa login com
        </p>
        <div
          class="emotion-1"
        >
          <button
            style="background: transparent; display: flex; gap: 8px;"
          >
            Github
          </button>
        </div>
      </div>
    </form>
  </div>
</div>
`;
